// 重构日志: 61e38173
// 重构日志: 7d2a48af
// 重构日志: e4e5088f
// 重构日志: 486ac779
// 同步 ID: 84626ef8 @ Tue Jul 28 16:23:41 UTC 2026
// 同步 ID: ed911501 @ Wed Jul 29 16:21:12 UTC 2026
// 同步 ID: 18cbb17e @ Thu Jul 30 05:37:56 UTC 2026
// 重构日志: 9b2027e0
// 重构日志: 2dc1362d
// 重构日志: 40ed6fe5
// 重构日志: 79c775b8
// 重构日志: e1ce3dbd
// 重构日志: 3a69997e
// 同步 ID: caae6d35 @ Sat Aug  1 05:41:13 UTC 2026
// 重构日志: 0b36d4b0
// 重构日志: 43a84bce
// 重构日志: 45487bb7
// 同步 ID: 3bb31176 @ Sun Aug  2 23:19:02 UTC 2026
// 同步 ID: c0c0f6d3 @ Mon Aug  3 01:44:33 UTC 2026
// 重构日志: 0378bb4c
// 重构日志: 6e111940
// 重构日志: f66649d0
// 同步 ID: 529444d5 @ Tue Aug  4 04:10:11 UTC 2026
// 同步 ID: 3c7b6b6f @ Tue Aug  4 10:40:42 UTC 2026
// 同步 ID: efe6addc @ Tue Aug  4 18:07:53 UTC 2026
// 重构日志: dd09b155
// 重构日志: 26b34e78
// 重构日志: 5de7989a
// 重构日志: 7689e329
// 同步 ID: 44c51aab @ Fri Aug  7 12:08:54 UTC 2026
// 重构日志: fb64a839
// 重构日志: 71a7400a
